
> aicoding@1.0.0 test
> vitest run test/integration/skill-bootstrap.test.ts


[1m[46m RUN [49m[22m [36mv4.0.18 [39m[90mC:/Users/19410/Documents/Project/aicoding[39m

 [31m❯[39m test/integration/skill-bootstrap.test.ts [2m([22m[2m1 test[22m[2m | [22m[31m1 failed[39m[2m)[22m[32m 17[2mms[22m[39m
[31m     [31m×[31m should allow agent to load skill-creator and create a new skill[39m[32m 16[2mms[22m[39m
node.exe : 
At line:1 char:1
+ & "C:\Dev\NodeJs/node.exe" "C:\Dev\NodeJs/node_modules/npm/bin/npm-cl ...
+ ~~~~~~~~~~~~~~~~~~~~~~~~~~~~~~~~~~~~~~~~~~~~~~~~~~~~~~~~~~~~~~~~~~~~~
    + CategoryInfo          : NotSpecified: (:String) [], RemoteException
    + FullyQualifiedErrorId : NativeCommandError
 
[31m⎯⎯⎯⎯⎯⎯⎯[39m[1m[41m Failed Tests 1 [49m[22m[31m⎯⎯⎯⎯⎯⎯⎯[39m

[41m[1m FAIL [22m[49m test/integration/skill-bootstrap.test.ts[2m > [22mSkill System 
Bootstrap Integration[2m > [22mshould allow agent to load skill-creator and create a new 
skill
[31m[1mAssertionError[22m: expected false to be true // Object.is equality[39m

[32m- Expected[39m
[31m+ Received[39m

[32m- true[39m
[31m+ false[39m

[36m [2m❯[22m test/integration/skill-bootstrap.test.ts:[2m99:24[22m[39m
    [90m 97| [39m        const exists = await fs.stat(newSkillPath).then(() => true).ca…
    [90m 98| [39m
    [90m 99| [39m        [34mexpect[39m(exists)[33m.[39m[34mtoBe[39m([35mtrue[39m
)[33m;[39m
    [90m   | [39m                       [31m^[39m
    [90m100| [39m
    [90m101| [39m        [35mconst[39m content [33m=[39m [35mawait[39m fs[33m.[39
m[34mreadFile[39m(newSkillPath[33m,[39m [32m'utf-8'[39m)[33m;[39m

[31m[2m⎯⎯⎯⎯⎯⎯⎯⎯⎯⎯⎯⎯⎯⎯⎯⎯⎯⎯⎯⎯⎯⎯⎯⎯[1/2]⎯[22m[39m

[41m[1m FAIL [22m[49m test/integration/skill-bootstrap.test.ts[2m > [22mSkill System 
Bootstrap Integration[2m > [22mshould allow agent to load skill-creator and create a new 
skill
[31m[1mError[22m: ENOTEMPTY: directory not empty, rmdir 'C:\Users\19410\AppData\Local\Te
mp\aicoding-bootstrap-vo0dtE\.aicoding\sessions'[39m
[31m[2m⎯⎯⎯⎯⎯⎯⎯⎯⎯⎯⎯⎯⎯⎯⎯⎯⎯⎯⎯⎯⎯⎯⎯⎯[2/2]⎯[22m[39m


[2m Test Files [22m [1m[31m1 failed[39m[22m[90m (1)[39m
[2m      Tests [22m [1m[31m1 failed[39m[22m[90m (1)[39m
[2m   Start at [22m 01:12:46
[2m   Duration [22m 357ms[2m (transform 79ms, setup 0ms, import 204ms, tests 17ms, environment 0ms)[22m

